EN display NULL /home/student1/pkundi/coe758/Project2/Pong/display.vhd sub00/vhpl06 1670037216
AR clock_25mhz behavorial /home/student1/pkundi/coe758/Project2/Pong/clock_25mhz.vhd sub00/vhpl01 1669901753
AR hv_sync behavorial /home/student1/pkundi/coe758/Project2/Pong/hv_sync.vhd sub00/vhpl05 1670037215
EN hv_position NULL /home/student1/pkundi/coe758/Project2/Pong/hv_position.vhd sub00/vhpl02 1670037212
EN pong NULL /home/student1/pkundi/coe758/Project2/Pong/Pong.vhd sub00/vhpl10 1670037222
AR display behavorial /home/student1/pkundi/coe758/Project2/Pong/display.vhd sub00/vhpl07 1670037217
EN hv_sync NULL /home/student1/pkundi/coe758/Project2/Pong/hv_sync.vhd sub00/vhpl04 1670037214
AR vga_driver behavorial /home/student1/pkundi/coe758/Project2/Pong/VGA_DRIVER.vhd sub00/vhpl09 1670037219
AR game behavioral /home/student1/pkundi/coe758/Project2/Pong/game.vhd sub00/vhpl13 1670037221
EN clock_25mhz NULL /home/student1/pkundi/coe758/Project2/Pong/clock_25mhz.vhd sub00/vhpl00 1669901752
EN clock25 NULL /home/student1/pkundi/coe758/Project2/Pong/clock25.vhd sub00/vhpl14 1670039259
AR pong behavioral /home/student1/pkundi/coe758/Project2/Pong/Pong.vhd sub00/vhpl11 1670037223
EN game NULL /home/student1/pkundi/coe758/Project2/Pong/game.vhd sub00/vhpl12 1670037220
EN vga_driver NULL /home/student1/pkundi/coe758/Project2/Pong/VGA_DRIVER.vhd sub00/vhpl08 1670037218
AR hv_position behavorial /home/student1/pkundi/coe758/Project2/Pong/hv_position.vhd sub00/vhpl03 1670037213
