V3 37
FL /home/student1/d228pate/coe758/Project2/Pong/clock_25mhz.vhd 2022/11/23.12:52:13 O.87xd
FL /home/student1/d228pate/coe758/Project2/Pong/display.vhd 2022/11/25.13:12:56 O.87xd
FL /home/student1/d228pate/coe758/Project2/Pong/game.vhd 2022/11/29.10:07:28 O.87xd
FL /home/student1/d228pate/coe758/Project2/Pong/hv_position.vhd 2022/11/21.15:06:12 O.87xd
FL /home/student1/d228pate/coe758/Project2/Pong/hv_sync.vhd 2022/11/25.13:12:24 O.87xd
FL /home/student1/d228pate/coe758/Project2/Pong/Pong.vhd 2022/11/25.13:05:27 O.87xd
FL /home/student1/d228pate/coe758/Project2/Pong/VGA_DRIVER.vhd 2022/11/25.13:17:39 O.87xd
EN work/clock25 0 FL /home/student1/pkundi/coe758/Project2/Pong/clock25.vhd \
      PB ieee/std_logic_1164 1325952872 PB ieee/NUMERIC_STD 1325952877
AR work/clock25/Behavorial 0 \
      FL /home/student1/pkundi/coe758/Project2/Pong/clock25.vhd EN work/clock25 0
FL /home/student1/pkundi/coe758/Project2/Pong/clock_25mhz.vhd 2022/11/23.12:52:14 O.87xd
EN work/clock_25mhz 1669901752 \
      FL /home/student1/pkundi/coe758/Project2/Pong/clock_25mhz.vhd \
      PB ieee/std_logic_1164 1325952872 PB ieee/NUMERIC_STD 1325952877
AR work/clock_25mhz/Behavorial 1669901753 \
      FL /home/student1/pkundi/coe758/Project2/Pong/clock_25mhz.vhd \
      EN work/clock_25mhz 1669901752
FL /home/student1/pkundi/coe758/Project2/Pong/display.vhd 2022/11/25.13:12:56 O.87xd
EN work/display 1670037216 \
      FL /home/student1/pkundi/coe758/Project2/Pong/display.vhd \
      PB ieee/std_logic_1164 1325952872 PB ieee/NUMERIC_STD 1325952877
AR work/display/Behavorial 1670037217 \
      FL /home/student1/pkundi/coe758/Project2/Pong/display.vhd EN work/display 1670037216
FL /home/student1/pkundi/coe758/Project2/Pong/game.vhd 2022/12/02.21:36:04 O.87xd
EN work/game 1670037220 FL /home/student1/pkundi/coe758/Project2/Pong/game.vhd \
      PB ieee/std_logic_1164 1325952872 PB ieee/NUMERIC_STD 1325952877
AR work/game/Behavioral 1670037221 \
      FL /home/student1/pkundi/coe758/Project2/Pong/game.vhd EN work/game 1670037220
FL /home/student1/pkundi/coe758/Project2/Pong/hv_position.vhd 2022/11/21.15:06:12 O.87xd
EN work/hv_position 1670037212 \
      FL /home/student1/pkundi/coe758/Project2/Pong/hv_position.vhd \
      PB ieee/std_logic_1164 1325952872 PB ieee/NUMERIC_STD 1325952877
AR work/hv_position/Behavorial 1670037213 \
      FL /home/student1/pkundi/coe758/Project2/Pong/hv_position.vhd \
      EN work/hv_position 1670037212
FL /home/student1/pkundi/coe758/Project2/Pong/hv_sync.vhd 2022/11/25.13:12:24 O.87xd
EN work/hv_sync 1670037214 \
      FL /home/student1/pkundi/coe758/Project2/Pong/hv_sync.vhd \
      PB ieee/std_logic_1164 1325952872 PB ieee/NUMERIC_STD 1325952877
AR work/hv_sync/Behavorial 1670037215 \
      FL /home/student1/pkundi/coe758/Project2/Pong/hv_sync.vhd EN work/hv_sync 1670037214
FL /home/student1/pkundi/coe758/Project2/Pong/Pong.vhd 2022/12/02.22:13:24 O.87xd
EN work/Pong 1670037222 FL /home/student1/pkundi/coe758/Project2/Pong/Pong.vhd \
      PB ieee/std_logic_1164 1325952872
AR work/Pong/Behavioral 1670037223 \
      FL /home/student1/pkundi/coe758/Project2/Pong/Pong.vhd EN work/Pong 1670037222 \
      CP VGA_DRIVER CP game
FL /home/student1/pkundi/coe758/Project2/Pong/VGA_DRIVER.vhd 2022/12/02.22:12:28 O.87xd
EN work/VGA_DRIVER 1670037218 \
      FL /home/student1/pkundi/coe758/Project2/Pong/VGA_DRIVER.vhd \
      PB ieee/std_logic_1164 1325952872 PB ieee/NUMERIC_STD 1325952877
AR work/VGA_DRIVER/Behavorial 1670037219 \
      FL /home/student1/pkundi/coe758/Project2/Pong/VGA_DRIVER.vhd \
      EN work/VGA_DRIVER 1670037218 CP clock25 CP hv_position CP hv_sync CP display
